
> wemedia-buddy@0.1.0 start
> electron-forge start

[33m>[39m Checking your system
[33m>[39m Checking package manager version
[32m√[39m Found npm@10.8.3
[32m√[39m Checking your system
[?25h[33m>[39m Locating application
[32m√[39m Locating application
[33m>[39m Loading configuration
[32m√[39m Loading configuration
[33m>[39m Preparing native dependencies
[32m√[39m Preparing native dependencies
[33m>[39m Running generateAssets hook
[32m√[39m Running generateAssets hook
[33m>[39m Running preStart hook
[33m>[39m [plugin-vite] Preparing Vite bundles
[33m>[39m Launching Vite dev servers for renderer process code...
[33m>[39m Target main_window
›   ➜  Local:   http://localhost:5173/  
➜  Network: use --host to expose
[32m√[39m Target main_window
[32m√[39m Launched Vite dev servers for renderer process code
[33m>[39m Building main process and preload bundles...
[33m>[39m Building src/main/index.ts target
[33m>[39m Building src/preload/preload.ts target
20:32:30 [@electron-forge/plugin-vite] target built src/preload/preload.ts
[32m√[39m Building src/preload/preload.ts target
20:32:31 [@electron-forge/plugin-vite] target built src/main/index.ts
[32m√[39m Building src/main/index.ts target
[32m√[39m Built main process and preload bundles
[32m√[39m [plugin-vite] Preparing Vite bundles
[32m√[39m Running preStart hook
[32m√[39m Launched Electron app. Type rs in terminal to restart main process.
[?25h

[2m20:36:32[22m [36m[1m[vite][22m[39m [90m[2m(client)[22m[39m [32mhmr update [39m[2m/styles.css[22m
20:38:22 [@electron-forge/plugin-vite] target built src/main/index.ts
20:39:17 [@electron-forge/plugin-vite] target built src/main/index.ts
20:39:50 [@electron-forge/plugin-vite] target built src/preload/preload.ts
20:39:51 [@electron-forge/plugin-vite] target built src/main/index.ts
20:39:52 [@electron-forge/plugin-vite] target built src/main/index.ts
[2m20:41:58[22m [36m[1m[vite][22m[39m [90m[2m(client)[22m[39m [32mhmr update [39m[2m/knowledge-canvas-view.tsx[22m
[2m20:42:22[22m [36m[1m[vite][22m[39m [90m[2m(client)[22m[39m [32mhmr update [39m[2m/knowledge-canvas-view.tsx[22m
[2m20:42:51[22m [36m[1m[vite][22m[39m [90m[2m(client)[22m[39m [32mhmr update [39m[2m/knowledge-canvas-view.tsx[22m
[2m20:43:08[22m [36m[1m[vite][22m[39m [90m[2m(client)[22m[39m [32mhmr update [39m[2m/styles.css[22m
[2m20:43:34[22m [36m[1m[vite][22m[39m [90m[2m(client)[22m[39m [32mhmr update [39m[2m/knowledge-canvas-view.tsx[22m
