
DevTools listening on ws://127.0.0.1:9334/devtools/browser/85631abc-1195-4732-b266-2cab83bc2a0d
Error occurred in handler for 'knowledge-canvas:get': Error: CANVAS_NOT_FOUND
    at getKnowledgeCanvas (J:\PigeonYang\WeMediaBuddy\.vite\build\index.js:1350:22)
    at J:\PigeonYang\WeMediaBuddy\.vite\build\index.js:25947:14
    at async Session.<anonymous> (node:electron/js2c/browser_init:2:120530)
Error occurred in handler for 'knowledge-canvas:get': Error: CANVAS_NOT_FOUND
    at getKnowledgeCanvas (J:\PigeonYang\WeMediaBuddy\.vite\build\index.js:1350:22)
    at J:\PigeonYang\WeMediaBuddy\.vite\build\index.js:25947:14
    at async Session.<anonymous> (node:electron/js2c/browser_init:2:120530)
Error occurred in handler for 'knowledge-canvas:get': Error: CANVAS_NOT_FOUND
    at getKnowledgeCanvas (J:\PigeonYang\WeMediaBuddy\.vite\build\index.js:1350:22)
    at J:\PigeonYang\WeMediaBuddy\.vite\build\index.js:25947:14
    at async Session.<anonymous> (node:electron/js2c/browser_init:2:120530)
Error occurred in handler for 'knowledge-canvas:get': Error: CANVAS_NOT_FOUND
    at getKnowledgeCanvas (J:\PigeonYang\WeMediaBuddy\.vite\build\index.js:1350:22)
    at J:\PigeonYang\WeMediaBuddy\.vite\build\index.js:25947:14
    at async Session.<anonymous> (node:electron/js2c/browser_init:2:120530)

An unhandled exception has occurred inside Forge:
read EPIPE
Error: read EPIPE
    at TTY.onStreamRead (node:internal/stream_base_commons:216:20)
