
> wemedia-buddy@0.1.0 start
> electron-forge start -- --remote-debugging-port=9223

[33m>[39m Checking your system
[33m>[39m Checking package manager version
[32m√[39m Found npm@10.8.3
[32m√[39m Checking your system
[?25h[33m>[39m Locating application
[32m√[39m Locating application
[33m>[39m Loading configuration
[32m√[39m Loading configuration
[33m>[39m Preparing native dependencies
[32m√[39m Preparing native dependencies
[33m>[39m Running generateAssets hook
[32m√[39m Running generateAssets hook
[33m>[39m Running preStart hook
[33m>[39m [plugin-vite] Preparing Vite bundles
[33m>[39m Launching Vite dev servers for renderer process code...
[33m>[39m Target main_window
›   ➜  Local:   http://localhost:5173/  
➜  Network: use --host to expose
[32m√[39m Target main_window
[32m√[39m Launched Vite dev servers for renderer process code
[33m>[39m Building main process and preload bundles...
[33m>[39m Building src/main/index.ts target
[33m>[39m Building src/preload/preload.ts target
03:50:33 [@electron-forge/plugin-vite] target built src/preload/preload.ts
[32m√[39m Building src/preload/preload.ts target
03:50:34 [@electron-forge/plugin-vite] target built src/main/index.ts
[32m√[39m Building src/main/index.ts target
[32m√[39m Built main process and preload bundles
[32m√[39m [plugin-vite] Preparing Vite bundles
[32m√[39m Running preStart hook
[32m√[39m Launched Electron app. Type rs in terminal to restart main process.
[?25h


DevTools listening on ws://127.0.0.1:9223/devtools/browser/a015ecbe-1432-4f8a-bca5-b784349cfefa
